// Jest Snapshot v1, https://goo.gl/fbAQLP

exports[`<App /> 1`] = `
<body>
  <div>
    <form
      class=""
    >
      <div>
        <div
          class="form-check"
        >
          <input
            class="form-check-input"
            id="terms-and-conditions"
            type="checkbox"
          />
          <label
            class="form-check-label"
            for="terms-and-conditions"
            title=""
          >
            <span>
              I agree with
              <span
                style="color: blue;"
              >
                Terms and Conditions
              </span>
            </span>
          </label>
        </div>
      </div>
      <button
        class="btn btn-primary"
        disabled=""
        type="submit"
      >
        Confirm order
      </button>
    </form>
  </div>
</body>
`;

exports[`renders learn react link 1`] = `
<body>
  <div>
    <form
      class=""
    >
      <div>
        <div
          class="form-check"
        >
          <input
            class="form-check-input"
            id="terms-and-conditions"
            type="checkbox"
          />
          <label
            class="form-check-label"
            for="terms-and-conditions"
            title=""
          >
            <span>
              I agree with
              <span
                style="color: blue;"
              >
                Terms and Conditions
              </span>
            </span>
          </label>
        </div>
      </div>
      <button
        class="btn btn-primary"
        disabled=""
        type="submit"
      >
        Confirm order
      </button>
    </form>
  </div>
</body>
`;
