// Jest Snapshot v1, https://goo.gl/fbAQLP

exports[`<App /> 1`] = `
<body>
  <div>
    <div
      class="container"
    >
      <div>
        <h2>
          Scoops
        </h2>
        <p>
          2
           each
        </p>
        <p>
          Scoops
           total: 
          0
        </p>
        <div
          class="row"
        />
        <h2>
          Toppings
        </h2>
        <p>
           each
        </p>
        <p>
          Toppings
           total: 
          NaN
        </p>
        <div
          class="row"
        />
      </div>
    </div>
  </div>
</body>
`;
